2026/05/03 17:13:15 rcpud starting with NAMESPACE=/tmp/ns.scott.:1
2026/05/03 17:13:15 Found factotum at /tmp/ns.scott.:1/factotum
2026/05/03 17:13:15 rcpud listening on :17019
2026/05/03 17:14:40 Incoming connection from 192.168.2.202:37888
2026/05/03 17:14:40 Sending offer: v.2 dp9ik@rentonsoftworks.coin
2026/05/03 17:14:40 Client choice: "dp9ik rentonsoftworks.coin"
2026/05/03 17:14:40 Sending OK confirmation
2026/05/03 17:14:40 Factotum status: ok
2026/05/03 17:14:40 Factotum status: phase
2026/05/03 17:14:40 Factotum wants 8 bytes
2026/05/03 17:14:40 Factotum status: ok
2026/05/03 17:14:40 Factotum status: ok
2026/05/03 17:14:40 Factotum status: phase
2026/05/03 17:14:40 Factotum wants 56 bytes
2026/05/03 17:14:40 Factotum status: ok
2026/05/03 17:14:40 Factotum status: phase
2026/05/03 17:14:40 Factotum wants 192 bytes
2026/05/03 17:14:40 Factotum status: ok
2026/05/03 17:14:40 Factotum status: ok
2026/05/03 17:14:40 Factotum status: done
2026/05/03 17:14:40 Authentication successful
2026/05/03 17:14:40 User unknown authenticated. Secret length: 0
2026/05/03 17:14:40 Warning: No session secret retrieved from factotum
2026/05/03 17:14:40 Performing TLS PSK upgrade...
2026/05/03 17:14:40 TLS PSK upgrade failed: empty secret
