2026/05/03 15:35:00 rcpud starting with NAMESPACE=/tmp/ns.scott.:1
2026/05/03 15:35:00 Found factotum at /tmp/ns.scott.:1/factotum
2026/05/03 15:35:00 rcpud listening on :17019
2026/05/03 15:36:36 Incoming connection from 192.168.2.202:64611
2026/05/03 15:36:36 Sending offer: v.2 dp9ik@rentonsoftworks.coin
2026/05/03 15:36:36 Client choice: "dp9ik rentonsoftworks.coin"
2026/05/03 15:36:36 Sending OK confirmation
2026/05/03 15:36:36 Factotum status: ok
2026/05/03 15:36:36 Factotum status: phase
2026/05/03 15:36:36 Factotum wants 8 bytes
2026/05/03 15:36:36 Factotum status: ok
2026/05/03 15:36:36 Factotum status: ok
2026/05/03 15:36:36 Factotum status: phase
2026/05/03 15:36:36 Factotum wants 56 bytes
2026/05/03 15:36:36 Factotum status: ok
2026/05/03 15:36:36 Factotum status: phase
2026/05/03 15:36:36 Factotum wants 192 bytes
2026/05/03 15:36:36 Factotum status: ok
2026/05/03 15:36:36 Factotum status: ok
2026/05/03 15:36:36 Factotum status: done
2026/05/03 15:36:36 Authentication successful
2026/05/03 15:36:36 User unknown authenticated successfully.
2026/05/03 15:36:36 Upgrading connection to TLS...
2026/05/03 15:36:36 TLS Handshake failed: tls: no cipher suite supported by both client and server; client offered: [ccab ae 8c ff]
2026/05/03 15:46:50 Incoming connection from 192.168.2.202:55616
2026/05/03 15:46:50 Sending offer: v.2 dp9ik@rentonsoftworks.coin
2026/05/03 15:46:50 Client choice: "dp9ik rentonsoftworks.coin"
2026/05/03 15:46:50 Sending OK confirmation
2026/05/03 15:46:50 Factotum status: ok
2026/05/03 15:46:50 Factotum status: phase
2026/05/03 15:46:50 Factotum wants 8 bytes
2026/05/03 15:46:50 Factotum status: ok
2026/05/03 15:46:50 Factotum status: ok
2026/05/03 15:46:50 Factotum status: phase
2026/05/03 15:46:50 Factotum wants 56 bytes
2026/05/03 15:46:50 Factotum status: ok
2026/05/03 15:46:50 Factotum status: phase
2026/05/03 15:46:50 Factotum wants 192 bytes
2026/05/03 15:46:50 Factotum status: ok
2026/05/03 15:46:50 Factotum status: ok
2026/05/03 15:46:50 Factotum status: done
2026/05/03 15:46:50 Authentication successful
2026/05/03 15:46:50 User unknown authenticated successfully.
2026/05/03 15:46:50 Upgrading connection to TLS...
2026/05/03 15:46:50 TLS Handshake failed: tls: no cipher suite supported by both client and server; client offered: [ccab ae 8c ff]
