2026/05/03 15:16:02 rcpud starting with NAMESPACE=/tmp/ns.scott.:1
2026/05/03 15:16:02 Found factotum at /tmp/ns.scott.:1/factotum
2026/05/03 15:16:02 rcpud listening on :17019
2026/05/03 15:20:17 Incoming connection from 192.168.2.202:58453
2026/05/03 15:20:17 Sending p9any offer: dp9ik@rentonsoftworks.coin
2026/05/03 15:20:17 Client choice: "dp9ik rentonsoftworks.coin"
2026/05/03 15:20:17 Starting manual factotum RPC loop...
2026/05/03 15:20:17 Factotum status: ok
2026/05/03 15:20:17 Factotum status: phase
2026/05/03 15:20:17 Factotum wants 8 bytes
2026/05/03 15:20:17 Read 8 bytes from network
2026/05/03 15:20:17 Factotum status: ok
2026/05/03 15:20:17 Factotum status: ok
2026/05/03 15:20:17 Factotum status: phase
2026/05/03 15:20:17 Factotum wants 56 bytes
2026/05/03 15:20:17 Read 56 bytes from network
2026/05/03 15:20:17 Factotum status: ok
2026/05/03 15:20:17 Factotum status: phase
2026/05/03 15:20:17 Factotum wants 192 bytes
2026/05/03 15:20:17 Read 192 bytes from network
2026/05/03 15:20:17 Factotum status: ok
2026/05/03 15:20:17 Factotum status: ok
2026/05/03 15:20:17 Factotum status: done
2026/05/03 15:20:17 Authentication successful
2026/05/03 15:20:17 Failed to get auth info: error bad rpc verb: info
